Servicestationen in: HH,FFM,M;DA,FFM,N;H,FFM,N;K,FFM,S;HH,H,B,L