Servicestationen in: B;Q;O;P;D;J;A;L;C;M;F;U;I;T;S